\BOOKMARK [1][-]{section.1}{\376\377\320\320\255\154\000\040\263\331\256\060}{}% 1
\BOOKMARK [2][-]{subsection.1.1}{\376\377\314\230\307\114\000\040\262\220\260\200\000\040\273\070\310\034\000:\000\040\310\213\307\100\000\040\271\320\307\170\263\160\000\040\254\020\310\025\307\164\000\040\276\140\311\304\000\040\307\121\262\365}{section.1}% 2
\BOOKMARK [2][-]{subsection.1.2}{\376\377\254\020\310\025\307\104\000\040\260\264\275\200\000\040\300\301\320\334\270\134\000\040\274\370\262\344\262\224\000\040\254\203}{section.1}% 3
\BOOKMARK [1][-]{section.2}{\376\377\320\320\255\154\000\040\272\251\310\001\254\374\000\040\325\165\302\354\000\040\254\000\301\044}{}% 4
\BOOKMARK [2][-]{subsection.2.1}{\376\377\254\000\301\044\307\164\000\040\274\024\260\020\000\040\307\164\307\040}{section.2}% 5
\BOOKMARK [1][-]{section.3}{\376\377\307\164\270\140\310\001\000\040\274\060\254\275\254\374\000\040\256\060\310\164\000\040\274\051\302\335\307\130\000\040\325\134\254\304}{}% 6
\BOOKMARK [2][-]{subsection.3.1}{\376\377\254\020\310\025\000\040\267\174\274\250\307\130\000\040\325\134\254\304}{section.3}% 7
\BOOKMARK [2][-]{subsection.3.2}{\376\377\254\020\310\025\000\040\274\241\321\060\307\130\000\040\325\134\254\304}{section.3}% 8
\BOOKMARK [2][-]{subsection.3.3}{\376\377\000L\000L\000M\000\040\254\365\254\020\000\040\307\121\262\365\307\130\000\040\325\134\254\304}{section.3}% 9
\BOOKMARK [2][-]{subsection.3.4}{\376\377\260\264\275\200\000\040\300\301\320\334\000\040\272\250\263\170\271\301\307\164\000\040\325\104\306\224\325\134\000\040\307\164\307\040}{section.3}% 10
\BOOKMARK [1][-]{section.4}{\376\377\000E\000m\000o\000N\000e\000t\307\130\000\040\274\034\310\004\000\040\254\374\310\025}{}% 11
\BOOKMARK [2][-]{subsection.4.1}{\376\377\000v\0001\000:\000\040\254\020\310\025\307\104\000\040\260\264\275\200\000\040\300\301\320\334\270\134\000\040\274\364\260\264\262\224\000\040\314\253\000\040\323\014\307\164\325\004\267\174\307\170}{section.4}% 12
\BOOKMARK [2][-]{subsection.4.2}{\376\377\000v\0002\000:\000\040\272\250\264\310\326\025\000\040\254\020\310\025\000\040\263\331\305\355\325\131\000\040\302\334\302\244\321\134}{section.4}% 13
\BOOKMARK [2][-]{subsection.4.3}{\376\377\000v\0003\000:\000\040\311\300\274\060\000\040\327\120\271\204\254\374\000\040\000b\000r\000a\000n\000c\000h\000\040\000c\000o\000l\000l\000a\000p\000s\000e\000\040\274\034\254\254}{section.4}% 14
\BOOKMARK [2][-]{subsection.4.4}{\376\377\000v\0003\000.\0001\000:\000\040\000t\000r\000a\000c\000e\000-\000a\000s\000-\000e\000m\000o\000t\000i\000o\000n\000\040\310\025\307\130\000\040\310\004\326\130}{section.4}% 15
\BOOKMARK [2][-]{subsection.4.5}{\376\377\000v\0004\000:\000\040\254\020\310\025\000\040\305\320\325\074\301\214\264\334\000\040\325\164\301\035\254\374\000\040\000t\000a\000r\000g\000e\000t\000e\000d\000\040\323\311\254\000}{section.4}% 16
\BOOKMARK [1][-]{section.5}{\376\377\310\374\306\224\000\040\320\320\255\154\306\100\000\040\302\344\325\330}{}% 17
\BOOKMARK [2][-]{subsection.5.1}{\376\377\315\010\256\060\000\040\255\154\310\160\000\040\302\344\325\330}{section.5}% 18
\BOOKMARK [2][-]{subsection.5.2}{\376\377\262\164\267\360\000\040\255\154\310\160\306\100\000\040\272\250\264\310\326\124\000\040\302\344\325\330}{section.5}% 19
\BOOKMARK [2][-]{subsection.5.3}{\376\377\000b\000r\000a\000n\000c\000h\000/\000d\000y\000n\000a\000m\000i\000c\000s\000\040\274\364\310\025\000\040\302\344\325\330}{section.5}% 20
\BOOKMARK [2][-]{subsection.5.4}{\376\377\302\244\320\300\307\174\000\040\323\270\325\245\000\040\275\204\301\035}{section.5}% 21
\BOOKMARK [2][-]{subsection.5.5}{\376\377\000t\000r\000a\000c\000e\000\040\324\134\326\004\000\040\254\200\311\235}{section.5}% 22
\BOOKMARK [2][-]{subsection.5.6}{\376\377\000t\000r\000a\000c\000e\000\040\307\170\254\374\000\040\310\160\307\221\000\040\302\344\325\330}{section.5}% 23
\BOOKMARK [2][-]{subsection.5.7}{\376\377\000e\000p\000i\000s\000o\000d\000e\000\040\307\121\262\365\000\040\300\335\301\061\000\040\274\017\000\040\000t\000a\000r\000g\000e\000t\000e\000d\000\040\276\104\255\120}{section.5}% 24
\BOOKMARK [1][-]{section.6}{\376\377\323\311\254\000\000\040\311\300\324\134}{}% 25
\BOOKMARK [2][-]{subsection.6.1}{\376\377\263\331\305\355\325\131\000\040\311\300\324\134}{section.6}% 26
\BOOKMARK [2][-]{subsection.6.2}{\376\377\324\134\326\004\000\040\311\300\324\134}{section.6}% 27
\BOOKMARK [2][-]{subsection.6.3}{\376\377\307\170\254\374\000\040\311\300\324\134}{section.6}% 28
\BOOKMARK [2][-]{subsection.6.4}{\376\377\300\335\301\061\000\040\311\300\324\134}{section.6}% 29
\BOOKMARK [1][-]{section.7}{\376\377\320\320\255\154\000\040\254\260\254\374}{}% 30
\BOOKMARK [2][-]{subsection.7.1}{\376\377\260\264\275\200\000\040\300\301\320\334\326\124\000\040\323\014\307\164\325\004\267\174\307\170\307\130\000\040\301\061\271\275}{section.7}% 31
\BOOKMARK [2][-]{subsection.7.2}{\376\377\000b\000r\000a\000n\000c\000h\000\040\000c\000o\000l\000l\000a\000p\000s\000e\000\040\306\104\326\124}{section.7}% 32
\BOOKMARK [2][-]{subsection.7.3}{\376\377\000t\000r\000a\000c\000e\000\040\324\134\326\004\000\040\254\200\311\235}{section.7}% 33
\BOOKMARK [2][-]{subsection.7.4}{\376\377\307\170\254\374\000\040\310\160\307\221\000\040\254\260\254\374}{section.7}% 34
\BOOKMARK [2][-]{subsection.7.5}{\376\377\307\174\274\030\000\040\310\160\254\164\000\040\302\344\323\050\306\100\000\040\000t\000a\000r\000g\000e\000t\000e\000d\000\040\310\160\254\164\000\040\301\061\254\365}{section.7}% 35
\BOOKMARK [1][-]{section.8}{\376\377\261\174\307\130}{}% 36
\BOOKMARK [2][-]{subsection.8.1}{\376\377\254\020\310\025\000\040\274\241\321\060\000\040\311\021\302\354\000\040\255\000\310\020\305\320\301\034\000\040\000t\000r\000a\000c\000e\000\040\311\021\302\354\000\040\255\000\310\020\307\074\270\134}{section.8}% 37
\BOOKMARK [2][-]{subsection.8.2}{\376\377\302\344\323\050\254\000\000\040\305\360\255\154\271\174\000\040\305\264\265\273\254\214\000\040\274\024\257\270\305\310\262\224\254\000}{section.8}% 38
\BOOKMARK [2][-]{subsection.8.3}{\376\377\000L\000L\000M\000\040\000j\000u\000d\000g\000e\000\040\323\270\325\245\254\374\000\040\263\000\307\121}{section.8}% 39
\BOOKMARK [2][-]{subsection.8.4}{\376\377\000E\000m\000o\000N\000e\000t\307\164\000\040\302\344\310\034\270\134\000\040\271\314\264\340\000\040\254\203}{section.8}% 40
\BOOKMARK [1][-]{section.9}{\376\377\325\134\254\304\306\100\000\040\310\374\307\245\000\040\254\000\262\245\000\040\274\224\307\004}{}% 41
\BOOKMARK [1][-]{section.10}{\376\377\325\245\326\304\000\040\320\320\255\154}{}% 42
\BOOKMARK [1][-]{section.11}{\376\377\254\260\270\140}{}% 43
\BOOKMARK [1][-]{appendix.A}{\376\377\325\165\302\354\000\040\306\251\305\264}{}% 44
\BOOKMARK [1][-]{appendix.B}{\376\377\272\250\264\310\254\374\000\040\311\235\254\160\307\130\000\040\305\360\254\260}{}% 45
\BOOKMARK [1][-]{appendix.C}{\376\377\314\070\254\340\000\040\307\220\270\314}{}% 46
