\BOOKMARK [1][-]{section*.2}{\376\377\300\301\301\070\000\040\325\164\301\044\000\040\315\010\254\340\271\174\000\040\307\175\262\224\000\040\274\051\274\225}{}% 1
\BOOKMARK [1][-]{section.1}{\376\377\301\034\270\140}{}% 2
\BOOKMARK [1][-]{section.2}{\376\377\305\360\255\154\000\040\311\310\273\070}{}% 3
\BOOKMARK [1][-]{section.3}{\376\377\274\204\310\004\274\304\000\040\302\334\302\244\321\134\000\040\274\034\310\004}{}% 4
\BOOKMARK [2][-]{subsection.3.1}{\376\377\000v\0001\000:\000\040\254\020\310\025\000\040\000z\000\040\323\014\307\164\325\004\267\174\307\170}{section.3}% 5
\BOOKMARK [3][-]{subsubsection.3.1.1}{\376\377\000v\0001\307\130\000\040\273\070\310\034\307\130\302\335\000:\000\040\254\020\310\025\307\104\000\040\315\234\270\045\000\040\267\174\274\250\307\164\000\040\305\104\262\310\267\174\000\040\260\264\275\200\000\040\300\301\320\334\270\134\000\040\274\364\260\264\256\060}{subsection.3.1}% 6
\BOOKMARK [3][-]{subsubsection.3.1.2}{\376\377\000v\0001\307\130\000\040\255\154\310\160\000:\000\040\307\220\255\371\000\040\307\170\317\124\263\124\000,\000\040\254\020\310\025\000\040\263\331\305\355\325\131\000\040\261\044\322\270\306\314\320\154\000,\000\040\327\210\302\244\321\240\271\254\000\040\307\170\317\124\263\124\000,\000\040\000G\000U\000I}{subsection.3.1}% 7
\BOOKMARK [3][-]{subsubsection.3.1.3}{\376\377\000v\0001\307\130\000\040\301\061\254\374\306\100\000\040\325\134\254\304\000:\000\040\254\260\254\374\000\040\274\241\321\060\000\040\311\021\302\354\000\040\325\164\301\035}{subsection.3.1}% 8
\BOOKMARK [2][-]{subsection.3.2}{\376\377\000v\0002\000:\000\040\272\250\264\310\326\025\000\040\000P\000y\000T\000o\000r\000c\000h\000\040\000M\000V\000P}{section.3}% 9
\BOOKMARK [3][-]{subsubsection.3.2.1}{\376\377\000v\0002\307\130\000\040\272\251\324\134\000:\000\040\325\130\260\230\307\130\000\040\302\244\320\154\271\275\322\270\305\320\301\034\000\040\272\250\264\310\326\025\000\040\254\020\310\025\000\040\302\334\302\244\321\134\307\074\270\134}{subsection.3.2}% 10
\BOOKMARK [3][-]{subsubsection.3.2.2}{\376\377\000v\0002\307\130\000\040\262\164\267\360\000\040\255\154\310\160\000:\000\040\327\145\275\204\301\061\000,\000\040\305\265\310\034\301\061\000,\000\040\310\160\310\010\301\061\000\040\262\164\267\360}{subsection.3.2}% 11
\BOOKMARK [3][-]{subsubsection.3.2.3}{\376\377\000v\0002\307\130\000\040\300\301\320\334\000\040\274\300\302\030\000:\000\040\000t\000r\000a\000i\000t\000,\000\040\000m\000e\000m\000o\000r\000y\000,\000\040\000h\000i\000s\000t\000o\000r\000y\000,\000\040\000c\000l\000u\000s\000t\000e\000r\000,\000\040\000r\000e\000w\000i\000r\000i\000n\000g}{subsection.3.2}% 12
\BOOKMARK [3][-]{subsubsection.3.2.4}{\376\377\000v\0002\307\130\000\040\000b\000r\000a\000n\000c\000h\000\040\000t\000r\000a\000c\000k\000i\000n\000g\000:\000\040\000t\000r\000a\000c\000e\000-\000a\000s\000-\000e\000m\000o\000t\000i\000o\000n\307\130\000\040\310\004\310\160}{subsection.3.2}% 13
\BOOKMARK [3][-]{subsubsection.3.2.5}{\376\377\000v\0002\307\130\000\040\325\134\254\304\000:\000\040\255\154\310\160\262\224\000\040\300\335\254\274\311\300\271\314\000\040\000t\000r\000a\000c\000e\000\040\307\220\314\264\271\174\000\040\254\200\311\235\325\130\311\300\262\224\000\040\272\273\325\150}{subsection.3.2}% 14
\BOOKMARK [2][-]{subsection.3.3}{\376\377\000v\0003\000:\000\040\311\300\274\060\000\040\327\120\271\204\000,\000\040\274\364\310\025\000,\000\040\000z\000/\000s\000\040\305\360\254\260}{section.3}% 15
\BOOKMARK [2][-]{subsection.3.4}{\376\377\000v\0003\000.\0001\000:\000\040\302\340\254\275\000\040\326\134\301\061\000\040\315\224\310\001\000\040\307\220\314\264\271\174\000\040\254\020\310\025\307\074\270\134\000\040\310\025\307\130}{section.3}% 16
\BOOKMARK [2][-]{subsection.3.5}{\376\377\000v\0004\000:\000\040\254\020\310\025\000\040\305\320\325\074\301\214\264\334\000\040\325\164\301\035\254\374\000\040\000t\000a\000r\000g\000e\000t\000e\000d\000\040\306\260\306\324\301\061}{section.3}% 17
\BOOKMARK [1][-]{section.4}{\376\377\310\004\314\264\000\040\274\051\274\225}{}% 18
\BOOKMARK [2][-]{subsection.4.1}{\376\377\307\205\270\045\254\374\000\040\307\220\255\371}{section.4}% 19
\BOOKMARK [2][-]{subsection.4.2}{\376\377\302\340\254\275\000\040\263\331\305\355\325\131}{section.4}% 20
\BOOKMARK [2][-]{subsection.4.3}{\376\377\311\300\274\060\000\040\327\120\271\204}{section.4}% 21
\BOOKMARK [2][-]{subsection.4.4}{\376\377\307\240\307\254\000\040\324\134\326\004\254\374\000\040\302\244\320\300\307\174\000\040\324\134\326\004}{section.4}% 22
\BOOKMARK [2][-]{subsection.4.5}{\376\377\305\320\325\074\301\214\264\334\000\040\325\164\301\035}{section.4}% 23
\BOOKMARK [1][-]{section.5}{\376\377\311\300\324\134}{}% 24
\BOOKMARK [2][-]{subsection.5.1}{\376\377\263\331\305\355\325\131\000\040\311\300\324\134}{section.5}% 25
\BOOKMARK [2][-]{subsection.5.2}{\376\377\324\134\326\004\000\040\311\300\324\134}{section.5}% 26
\BOOKMARK [2][-]{subsection.5.3}{\376\377\300\335\301\061\000\040\311\300\324\134}{section.5}% 27
\BOOKMARK [2][-]{subsection.5.4}{\376\377\307\170\254\374\000\040\311\300\324\134}{section.5}% 28
\BOOKMARK [1][-]{section.6}{\376\377\302\344\325\330\000\040\254\374\310\025}{}% 29
\BOOKMARK [2][-]{subsection.6.1}{\376\377\0001\262\350\254\304\000:\000\040\315\010\256\060\000\040\254\020\310\025\000\040\274\241\321\060\306\100\000\040\000z}{section.6}% 30
\BOOKMARK [2][-]{subsection.6.2}{\376\377\0002\262\350\254\304\000:\000\040\272\250\264\310\326\124\306\100\000\040\000b\000r\000a\000n\000c\000h\000\040\254\034\261\120\000\040\263\304\307\205}{section.6}% 31
\BOOKMARK [2][-]{subsection.6.3}{\376\377\0003\262\350\254\304\000:\000\040\000b\000r\000a\000n\000c\000h\000\040\000c\000o\000l\000l\000a\000p\000s\000e\000\040\274\034\254\254}{section.6}% 32
\BOOKMARK [2][-]{subsection.6.4}{\376\377\0004\262\350\254\304\000:\000\040\000l\000a\000t\000e\000\040\000i\000g\000n\000i\000t\000i\000o\000n\254\374\000\040\000h\000a\000r\000d\000\040\000c\000a\000p\000\040\326\125\307\170}{section.6}% 33
\BOOKMARK [2][-]{subsection.6.5}{\376\377\0005\262\350\254\304\000:\000\040\000r\000e\000f\000e\000r\000e\000n\000c\000e\000\040\000c\000o\000n\000f\000i\000g\000\040\274\364\310\025}{section.6}% 34
\BOOKMARK [2][-]{subsection.6.6}{\376\377\0006\262\350\254\304\000:\000\040\302\244\320\300\307\174\000\040\272\251\324\134\000\040\323\270\325\245\000\040\274\034\254\254}{section.6}% 35
\BOOKMARK [2][-]{subsection.6.7}{\376\377\0007\262\350\254\304\000:\000\040\000v\0003\000.\0001\307\130\000\040\000t\000r\000a\000c\000e\000-\000a\000s\000-\000e\000m\000o\000t\000i\000o\000n\000\040\310\004\326\130}{section.6}% 36
\BOOKMARK [2][-]{subsection.6.8}{\376\377\0008\262\350\254\304\000:\000\040\000v\0003\000.\0001\000\040\307\170\254\374\000\040\310\160\307\221\000\040\302\344\325\330}{section.6}% 37
\BOOKMARK [2][-]{subsection.6.9}{\376\377\0009\262\350\254\304\000:\000\040\000v\0004\000\040\000e\000p\000i\000s\000o\000d\000e\000\040\000i\000n\000t\000e\000r\000p\000r\000e\000t\000a\000t\000i\000o\000n}{section.6}% 38
\BOOKMARK [2][-]{subsection.6.10}{\376\377\0001\0000\262\350\254\304\000:\000\040\000v\0004\000\040\000t\000a\000r\000g\000e\000t\000e\000d\000\040\000s\000u\000p\000e\000r\000i\000o\000r\000i\000t\000y}{section.6}% 39
\BOOKMARK [1][-]{section.7}{\376\377\254\260\254\374\000\040\306\224\305\175}{}% 40
\BOOKMARK [2][-]{subsection.7.1}{\376\377\263\331\305\355\325\131\000\040\254\260\254\374}{section.7}% 41
\BOOKMARK [2][-]{subsection.7.2}{\376\377\324\134\326\004\000\040\254\260\254\374}{section.7}% 42
\BOOKMARK [2][-]{subsection.7.3}{\376\377\307\170\254\374\000\040\254\260\254\374}{section.7}% 43
\BOOKMARK [2][-]{subsection.7.4}{\376\377\300\335\301\061\000\040\254\260\254\374}{section.7}% 44
\BOOKMARK [1][-]{section.8}{\376\377\261\174\307\130}{}% 45
\BOOKMARK [2][-]{subsection.8.1}{\376\377\273\064\305\307\307\104\000\040\271\314\264\344\305\310\262\224\254\000}{section.8}% 46
\BOOKMARK [2][-]{subsection.8.2}{\376\377\306\134\000\040\302\344\323\050\325\134\000\040\302\344\325\330\307\164\000\040\311\021\306\224\325\210\262\224\254\000}{section.8}% 47
\BOOKMARK [2][-]{subsection.8.3}{\376\377\000v\0003\000.\0001\307\130\000\040\307\130\273\370}{section.8}% 48
\BOOKMARK [2][-]{subsection.8.4}{\376\377\000v\0004\307\130\000\040\307\130\273\370}{section.8}% 49
\BOOKMARK [1][-]{section.9}{\376\377\325\134\254\304}{}% 50
\BOOKMARK [1][-]{section.10}{\376\377\325\245\326\304\000\040\305\360\255\154}{}% 51
\BOOKMARK [1][-]{section.11}{\376\377\274\204\310\004\274\304\000\040\325\211\263\331\254\374\000\040\255\374\254\160}{}% 52
\BOOKMARK [1][-]{section.12}{\376\377\272\250\264\310\274\304\000\040\305\355\325\140}{}% 53
\BOOKMARK [1][-]{section.13}{\376\377\263\000\324\134\000\040\300\254\270\100\000\040\325\164\301\035}{}% 54
\BOOKMARK [1][-]{section.14}{\376\377\310\374\307\245\000\040\254\000\262\245\000\040\274\224\307\004}{}% 55
\BOOKMARK [2][-]{subsection.14.1}{\376\377\326\004\307\254\000\040\310\374\307\245\000\040\254\000\262\245\325\134\000\040\254\203}{section.14}% 56
\BOOKMARK [2][-]{subsection.14.2}{\376\377\305\104\311\301\000\040\310\374\307\245\325\130\272\164\000\040\305\110\000\040\264\030\262\224\000\040\254\203}{section.14}% 57
\BOOKMARK [1][-]{section.15}{\376\377\261\174\273\070\326\124\000\040\310\004\267\265}{}% 58
\BOOKMARK [1][-]{section.16}{\376\377\300\301\301\070\000\040\254\034\261\120\000\040\325\164\301\044}{}% 59
\BOOKMARK [2][-]{subsection.16.1}{\376\377\254\020\310\025\000\040\267\174\274\250\254\374\000\040\254\020\310\025\000\040\300\301\320\334\307\130\000\040\314\050\307\164}{section.16}% 60
\BOOKMARK [2][-]{subsection.16.2}{\376\377\307\220\255\371\254\374\000\040\254\020\310\025\307\130\000\040\275\204\271\254}{section.16}% 61
\BOOKMARK [2][-]{subsection.16.3}{\376\377\302\340\254\275\000\040\263\331\305\355\325\131\307\164\000\040\325\104\306\224\325\134\000\040\307\164\307\040}{section.16}% 62
\BOOKMARK [2][-]{subsection.16.4}{\376\377\311\300\274\060\000\040\327\120\271\204\307\130\000\040\307\130\273\370}{section.16}% 63
\BOOKMARK [2][-]{subsection.16.5}{\376\377\307\240\307\254\000\040\324\134\326\004\000\040\000z\306\100\000\040\302\244\320\300\307\174\000\040\324\134\326\004\000\040\000s}{section.16}% 64
\BOOKMARK [2][-]{subsection.16.6}{\376\377\305\320\325\074\301\214\264\334\000\040\325\164\301\035\307\130\000\040\325\104\306\224\301\061}{section.16}% 65
\BOOKMARK [1][-]{section.17}{\376\377\274\204\310\004\274\304\000\040\300\301\301\070\000\040\325\164\301\044}{}% 66
\BOOKMARK [2][-]{subsection.17.1}{\376\377\000v\0001\000:\000\040\254\020\310\025\000\040\274\241\321\060\271\174\000\040\271\314\264\344\254\340\000\040\260\264\275\200\000\040\300\301\320\334\270\134\000\040\274\364\260\264\262\224\000\040\314\253\000\040\255\154\310\160}{section.17}% 67
\BOOKMARK [2][-]{subsection.17.2}{\376\377\000v\0002\000:\000\040\272\250\264\310\326\124\306\100\000\040\307\254\326\004\000\040\254\000\262\245\325\134\000\040\302\344\325\330\000\040\262\350\307\004}{section.17}% 68
\BOOKMARK [2][-]{subsection.17.3}{\376\377\000v\0003\000:\000\040\260\264\275\200\000\040\254\275\270\134\271\174\000\040\274\364\256\060\000\040\302\334\307\221\325\134\000\040\262\350\254\304}{section.17}% 69
\BOOKMARK [2][-]{subsection.17.4}{\376\377\000v\0003\000.\0001\000:\000\040\254\020\310\025\000\040\310\025\307\130\307\130\000\040\310\004\326\130}{section.17}% 70
\BOOKMARK [2][-]{subsection.17.5}{\376\377\000v\0004\000:\000\040\000t\000r\000a\000c\000e\271\174\000\040\307\121\262\365\000\040\310\160\254\164\307\074\270\134\000\040\262\344\302\334\000\040\305\360\254\260\325\134\000\040\262\350\254\304}{section.17}% 71
\BOOKMARK [1][-]{section.18}{\376\377\302\344\325\330\274\304\000\040\307\164\310\004\254\374\000\040\307\164\326\304\000\040\325\164\301\044}{}% 72
\BOOKMARK [2][-]{subsection.18.1}{\376\377\000b\000r\000a\000n\000c\000h\000\040\000c\000o\000l\000l\000a\000p\000s\000e\000\040\302\344\325\330\307\130\000\040\307\164\310\004\254\374\000\040\307\164\326\304}{section.18}% 73
\BOOKMARK [2][-]{subsection.18.2}{\376\377\000l\000a\000t\000e\000\040\000i\000g\000n\000i\000t\000i\000o\000n\254\374\000\040\000h\000a\000r\000d\000\040\000c\000a\000p\000\040\302\344\325\330\307\130\000\040\307\164\310\004\254\374\000\040\307\164\326\304}{section.18}% 74
\BOOKMARK [2][-]{subsection.18.3}{\376\377\302\244\320\300\307\174\000\040\272\251\324\134\000\040\323\270\325\245\307\130\000\040\307\164\310\004\254\374\000\040\307\164\326\304}{section.18}% 75
\BOOKMARK [2][-]{subsection.18.4}{\376\377\000v\0003\000.\0001\000\040\324\134\326\004\000\040\254\200\311\235\307\130\000\040\307\164\310\004\254\374\000\040\307\164\326\304}{section.18}% 76
\BOOKMARK [2][-]{subsection.18.5}{\376\377\000v\0004\000\040\307\174\274\030\000\040\310\160\254\164\254\374\000\040\000t\000a\000r\000g\000e\000t\000e\000d\000\040\310\160\254\164\307\130\000\040\314\050\307\164}{section.18}% 77
\BOOKMARK [1][-]{section.19}{\376\377\261\174\273\070\000\040\273\070\307\245\307\074\270\134\000\040\274\024\257\300\000\040\265\114\307\130\000\040\306\320\316\131}{}% 78
\BOOKMARK [2][-]{subsection.19.1}{\376\377\254\374\307\245\325\130\311\300\000\040\305\112\262\224\000\040\273\070\307\245}{section.19}% 79
\BOOKMARK [2][-]{subsection.19.2}{\376\377\302\344\323\050\271\174\000\040\302\050\256\060\311\300\000\040\305\112\262\224\000\040\273\070\307\245}{section.19}% 80
\BOOKMARK [2][-]{subsection.19.3}{\376\377\325\134\255\155\305\264\000\040\306\251\305\264\000\040\300\254\306\251\000\040\306\320\316\131}{section.19}% 81
\BOOKMARK [1][-]{section.20}{\376\377\315\134\310\205\000\040\261\174\273\070\307\074\270\134\000\040\305\125\315\225\325\140\000\040\265\114\000\040\260\250\254\250\305\174\000\040\325\140\000\040\325\165\302\354}{}% 82
\BOOKMARK [1][-]{section.21}{\376\377\325\165\302\354\000\040\306\251\305\264\000\040\300\301\301\070\000\040\300\254\310\004}{}% 83
\BOOKMARK [2][-]{subsection.21.1}{\376\377\307\220\255\371}{section.21}% 84
\BOOKMARK [2][-]{subsection.21.2}{\376\377\302\340\254\275\000\040\326\134\301\061\000\040\315\224\310\001}{section.21}% 85
\BOOKMARK [2][-]{subsection.21.3}{\376\377\311\300\274\060\000\040\327\120\271\204}{section.21}% 86
\BOOKMARK [2][-]{subsection.21.4}{\376\377\254\020\310\025\000\040\305\320\325\074\301\214\264\334}{section.21}% 87
\BOOKMARK [2][-]{subsection.21.5}{\376\377\254\374\263\304\325\134\000\040\306\050\254\164\326\124}{section.21}% 88
\BOOKMARK [1][-]{section.22}{\376\377\311\300\324\134\274\304\000\040\300\301\301\070\000\040\325\164\301\035}{}% 89
\BOOKMARK [2][-]{subsection.22.1}{\376\377\327\120\271\204\000\040\256\070\307\164}{section.22}% 90
\BOOKMARK [2][-]{subsection.22.2}{\376\377\325\134\000\040\316\170\311\334\271\254\000\040\327\120\271\204\000\040\276\104\307\050}{section.22}% 91
\BOOKMARK [2][-]{subsection.22.3}{\376\377\326\134\301\061\000\040\274\000\263\304}{section.22}% 92
\BOOKMARK [2][-]{subsection.22.4}{\376\377\254\020\310\025\000\040\255\154\310\160\000\040\275\204\271\254\263\304}{section.22}% 93
\BOOKMARK [2][-]{subsection.22.5}{\376\377\255\340\326\025\000\040\274\364\310\025\000\040\254\020\310\025\000\040\302\340\326\070}{section.22}% 94
\BOOKMARK [2][-]{subsection.22.6}{\376\377\300\301\326\151\000\040\323\311\254\000\000\040\315\251\302\344\263\304}{section.22}% 95
\BOOKMARK [2][-]{subsection.22.7}{\376\377\306\320\315\010\000\040\310\025\301\034\000\040\274\030\306\001}{section.22}% 96
\BOOKMARK [2][-]{subsection.22.8}{\376\377\325\211\263\331\000\040\254\275\325\245\000\040\310\001\325\151\263\304}{section.22}% 97
\BOOKMARK [1][-]{section.23}{\376\377\255\370\271\274\274\304\000\040\300\301\301\070\000\040\325\164\301\044}{}% 98
\BOOKMARK [2][-]{subsection.23.1}{\376\377\274\204\310\004\000\040\274\034\310\004\000\040\255\370\271\274}{section.23}% 99
\BOOKMARK [2][-]{subsection.23.2}{\376\377\000b\000r\000a\000n\000c\000h\000\040\000c\000o\000l\000l\000a\000p\000s\000e\000\040\326\214\274\365\000\040\255\370\271\274}{section.23}% 100
\BOOKMARK [2][-]{subsection.23.3}{\376\377\302\244\320\300\307\174\000\040\323\270\325\245\000\040\255\370\271\274}{section.23}% 101
\BOOKMARK [2][-]{subsection.23.4}{\376\377\000v\0003\000.\0001\000\040\310\001\307\121\326\025\000\040\311\300\324\134\000\040\255\370\271\274}{section.23}% 102
\BOOKMARK [2][-]{subsection.23.5}{\376\377\000v\0003\000.\0001\000\040\307\170\254\374\000\040\254\260\254\374\000\040\255\370\271\274}{section.23}% 103
\BOOKMARK [2][-]{subsection.23.6}{\376\377\000v\0004\000\040\000t\000a\000r\000g\000e\000t\000e\000d\000\040\310\020\302\030\306\100\000\040\302\271\323\050\000\040\255\370\271\274}{section.23}% 104
\BOOKMARK [2][-]{subsection.23.7}{\376\377\307\174\274\030\000\040\310\160\254\164\254\374\000\040\000t\000a\000r\000g\000e\000t\000e\000d\000\040\310\160\254\164\000\040\276\104\255\120\000\040\255\370\271\274}{section.23}% 105
\BOOKMARK [1][-]{section.24}{\376\377\307\254\326\004\000\040\254\000\262\245\301\061\307\104\000\040\307\004\325\134\000\040\300\260\315\234\273\074\000\040\311\300\263\304}{}% 106
\BOOKMARK [1][-]{section.25}{\376\377\315\010\254\340\305\320\301\034\000\040\315\134\310\205\000\040\306\320\254\340\270\134\000\040\254\000\262\224\000\040\323\270\311\321\000\040\254\304\326\215}{}% 107
\BOOKMARK [1][-]{section.26}{\376\377\307\245\274\304\000\040\300\301\301\070\000\040\301\034\302\040\000\040\315\010\305\110}{}% 108
\BOOKMARK [2][-]{subsection.26.1}{\376\377\301\034\270\140\000\040\326\125\307\245\000\040\315\010\305\110}{section.26}% 109
\BOOKMARK [2][-]{subsection.26.2}{\376\377\274\051\274\225\000\040\310\010\000\040\326\125\307\245\000\040\315\010\305\110}{section.26}% 110
\BOOKMARK [2][-]{subsection.26.3}{\376\377\302\344\325\330\000\040\310\010\000\040\326\125\307\245\000\040\315\010\305\110}{section.26}% 111
\BOOKMARK [2][-]{subsection.26.4}{\376\377\261\174\307\130\000\040\310\010\000\040\326\125\307\245\000\040\315\010\305\110}{section.26}% 112
\BOOKMARK [2][-]{subsection.26.5}{\376\377\254\260\270\140\000\040\310\010\000\040\326\125\307\245\000\040\315\010\305\110}{section.26}% 113
\BOOKMARK [1][-]{section.27}{\376\377\306\010\300\301\000\040\302\354\300\254\000\040\311\310\273\070\254\374\000\040\262\365\274\300\000\040\315\010\305\110}{}% 114
\BOOKMARK [2][-]{subsection.27.1}{\376\377\311\310\273\070\000\040\0001\000:\000\040\306\134\000\040\307\164\254\203\307\104\000\040\254\020\310\025\307\164\267\174\254\340\000\040\275\200\271\174\000\040\302\030\000\040\307\210\262\224\254\000}{section.27}% 115
\BOOKMARK [2][-]{subsection.27.2}{\376\377\311\310\273\070\000\040\0002\000:\000\040\000L\000L\000M\000\040\000j\000u\000d\000g\000e\254\000\000\040\323\270\325\245\264\030\305\264\000\040\307\210\311\300\000\040\305\112\307\100\254\000}{section.27}% 116
\BOOKMARK [2][-]{subsection.27.3}{\376\377\311\310\273\070\000\040\0003\000:\000\040\000t\000a\000r\000g\000e\000t\000e\000d\000\040\310\160\254\164\271\314\000\040\307\164\256\064\000\040\254\203\307\164\000\040\261\010\273\064\000\040\310\201\311\300\000\040\305\112\307\100\254\000}{section.27}% 117
\BOOKMARK [2][-]{subsection.27.4}{\376\377\311\310\273\070\000\040\0004\000:\000\040\000t\000r\000a\000c\000e\254\000\000\040\262\350\302\034\325\134\000\040\311\021\254\004\000\040\270\134\255\370\306\100\000\040\273\064\305\307\307\164\000\040\262\344\271\170\254\000}{section.27}% 118
\BOOKMARK [2][-]{subsection.27.5}{\376\377\311\310\273\070\000\040\0005\000:\000\040\306\134\000\040\256\060\310\164\000\040\000L\000L\000M\000\040\325\004\270\154\325\004\322\270\271\314\307\074\270\134\000\040\315\251\275\204\325\130\311\300\000\040\305\112\307\100\254\000}{section.27}% 119
\BOOKMARK [1][-]{section.28}{\376\377\254\260\270\140}{}% 120
