\BOOKMARK [1][-]{section.1}{\376\377\301\034\270\140}{}% 1
\BOOKMARK [2][-]{subsection.1.1}{\376\377\305\360\255\154\000\040\273\070\310\034}{section.1}% 2
\BOOKMARK [2][-]{subsection.1.2}{\376\377\310\374\306\224\000\040\256\060\305\354}{section.1}% 3
\BOOKMARK [1][-]{section.2}{\376\377\301\040\325\211\000\040\305\360\255\154}{}% 4
\BOOKMARK [2][-]{subsection.2.1}{\376\377\256\060\274\370\000\040\254\020\310\025\000\040\307\164\270\140\254\374\000\040\274\224\310\374\326\025\000\040\254\020\310\025\000\040\324\134\326\004}{section.2}% 5
\BOOKMARK [2][-]{subsection.2.2}{\376\377\305\360\301\215\310\001\307\170\000\040\314\050\306\320\326\025\000\040\254\020\310\025\000\040\307\164\270\140\254\374\000\040\254\020\310\025\000\040\274\241\321\060\000\040\324\134\326\004}{section.2}% 6
\BOOKMARK [2][-]{subsection.2.3}{\376\377\323\311\254\000\000\040\307\164\270\140\254\374\000\040\254\020\310\025\307\130\000\040\254\374\310\025\301\061}{section.2}% 7
\BOOKMARK [2][-]{subsection.2.4}{\376\377\254\365\254\020\000\040\263\000\326\124\000\040\272\250\263\170\254\374\000\040\254\020\310\025\000\040\300\301\326\151\000\040\256\060\274\030\000\040\263\160\307\164\321\060\301\113}{section.2}% 8
\BOOKMARK [2][-]{subsection.2.5}{\376\377\000L\000L\000M\307\164\000\040\323\311\254\000\307\220\254\000\000\040\264\030\262\224\000\040\323\311\254\000\306\100\000\040\323\270\325\245\000\040\273\070\310\034}{section.2}% 9
\BOOKMARK [1][-]{section.3}{\376\377\301\040\325\211\000\040\305\360\255\154\270\134\275\200\321\060\000\040\263\304\315\234\264\030\262\224\000\040\273\070\310\034\000\040\310\034\256\060}{}% 10
\BOOKMARK [2][-]{subsection.3.1}{\376\377\301\040\325\211\000\040\305\360\255\154\254\000\000\040\260\250\256\064\000\040\276\110\000\040\275\200\275\204}{section.3}% 11
\BOOKMARK [2][-]{subsection.3.2}{\376\377\000L\000L\000M\000\040\254\365\254\020\000\040\307\121\262\365\307\130\000\040\324\134\272\164\310\001\000\040\307\220\305\360\302\244\267\354\306\300\254\374\000\040\255\154\310\160\310\001\000\040\254\260\325\115}{section.3}% 12
\BOOKMARK [2][-]{subsection.3.3}{\376\377\267\354\325\004\325\134\000\040\254\020\310\025\000\040\254\020\311\300\306\100\000\040\260\264\275\200\000\040\254\020\301\061\000\040\300\301\320\334\307\130\000\040\255\154\275\204}{section.3}% 13
\BOOKMARK [2][-]{subsection.3.4}{\376\377\260\264\275\200\000\040\300\301\320\334\000\040\272\250\263\170\271\301\307\130\000\040\325\104\306\224\301\061}{section.3}% 14
\BOOKMARK [1][-]{section.4}{\376\377\254\034\261\120\310\001\000\040\310\025\307\130\306\100\000\040\305\360\255\154\000\040\254\000\301\044}{}% 15
\BOOKMARK [2][-]{subsection.4.1}{\376\377\307\220\255\371\000,\000\040\254\020\301\061\000\040\300\301\320\334\000,\000\040\000t\000r\000a\000c\000e\307\130\000\040\255\154\275\204}{section.4}% 16
\BOOKMARK [2][-]{subsection.4.2}{\376\377\000t\000r\000a\000c\000e\000-\000a\000s\000-\000e\000m\000o\000t\000i\000o\000n\000\040\254\000\301\044}{section.4}% 17
\BOOKMARK [2][-]{subsection.4.3}{\376\377\305\320\325\074\301\214\264\334\000\040\310\160\254\164\326\124\000\040\254\000\301\044}{section.4}% 18
\BOOKMARK [1][-]{section.5}{\376\377\302\334\302\244\321\134\000\040\274\034\310\004\000\040\254\374\310\025}{}% 19
\BOOKMARK [2][-]{subsection.5.1}{\376\377\000v\0001\000:\000\040\260\264\275\200\000\040\300\301\320\334\326\124\000\040\323\014\307\164\325\004\267\174\307\170\307\130\000\040\326\025\301\061}{section.5}% 20
\BOOKMARK [2][-]{subsection.5.2}{\376\377\000v\0002\000:\000\040\272\250\264\310\326\025\000\040\254\020\310\025\000\040\263\331\305\355\325\131\000\040\302\334\302\244\321\134}{section.5}% 21
\BOOKMARK [2][-]{subsection.5.3}{\376\377\000v\0003\000:\000\040\000d\000o\000m\000i\000n\000a\000n\000t\000\040\000b\000r\000a\000n\000c\000h\306\100\000\040\000c\000o\000l\000l\000a\000p\000s\000e\307\130\000\040\274\034\254\254}{section.5}% 22
\BOOKMARK [2][-]{subsection.5.4}{\376\377\000v\0003\000.\0001\000:\000\040\000t\000r\000a\000c\000e\000-\000a\000s\000-\000e\000m\000o\000t\000i\000o\000n\000\040\310\025\307\130\000\040\310\004\326\130}{section.5}% 23
\BOOKMARK [2][-]{subsection.5.5}{\376\377\000v\0004\000:\000\040\305\320\325\074\301\214\264\334\000\040\325\164\301\035\254\374\000\040\000t\000a\000r\000g\000e\000t\000e\000d\000\040\323\311\254\000}{section.5}% 24
\BOOKMARK [1][-]{section.6}{\376\377\302\344\325\330\000\040\301\044\254\304}{}% 25
\BOOKMARK [2][-]{subsection.6.1}{\376\377\302\344\325\330\000\040\327\120\271\204}{section.6}% 26
\BOOKMARK [2][-]{subsection.6.2}{\376\377\315\010\256\060\000\040\255\154\310\160\000\040\302\344\325\330}{section.6}% 27
\BOOKMARK [2][-]{subsection.6.3}{\376\377\000b\000r\000a\000n\000c\000h\000/\000d\000y\000n\000a\000m\000i\000c\000s\000\040\274\364\310\025\000\040\302\344\325\330}{section.6}% 28
\BOOKMARK [2][-]{subsection.6.4}{\376\377\302\244\320\300\307\174\000\040\323\270\325\245\000\040\275\204\301\035}{section.6}% 29
\BOOKMARK [2][-]{subsection.6.5}{\376\377\000t\000r\000a\000c\000e\000\040\324\134\326\004\000\040\254\200\311\235}{section.6}% 30
\BOOKMARK [2][-]{subsection.6.6}{\376\377\000t\000r\000a\000c\000e\000\040\307\170\254\374\000\040\310\160\307\221\000\040\302\344\325\330}{section.6}% 31
\BOOKMARK [2][-]{subsection.6.7}{\376\377\000e\000p\000i\000s\000o\000d\000e\000\040\307\121\262\365\000\040\300\335\301\061\000\040\274\017\000\040\000t\000a\000r\000g\000e\000t\000e\000d\000\040\276\104\255\120}{section.6}% 32
\BOOKMARK [1][-]{section.7}{\376\377\323\311\254\000\000\040\311\300\324\134}{}% 33
\BOOKMARK [2][-]{subsection.7.1}{\376\377\263\331\305\355\325\131\000\040\311\300\324\134}{section.7}% 34
\BOOKMARK [2][-]{subsection.7.2}{\376\377\324\134\326\004\000\040\311\300\324\134}{section.7}% 35
\BOOKMARK [2][-]{subsection.7.3}{\376\377\307\170\254\374\000\040\311\300\324\134}{section.7}% 36
\BOOKMARK [2][-]{subsection.7.4}{\376\377\300\335\301\061\000\040\311\300\324\134}{section.7}% 37
\BOOKMARK [1][-]{section.8}{\376\377\254\260\254\374}{}% 38
\BOOKMARK [2][-]{subsection.8.1}{\376\377\260\264\275\200\000\040\300\301\320\334\326\124\000\040\255\154\310\160\307\130\000\040\301\061\271\275}{section.8}% 39
\BOOKMARK [2][-]{subsection.8.2}{\376\377\000b\000r\000a\000n\000c\000h\000\040\000c\000o\000l\000l\000a\000p\000s\000e\000\040\306\104\326\124}{section.8}% 40
\BOOKMARK [2][-]{subsection.8.3}{\376\377\302\244\320\300\307\174\000\040\323\270\325\245\000\040\326\125\307\170}{section.8}% 41
\BOOKMARK [2][-]{subsection.8.4}{\376\377\000t\000r\000a\000c\000e\000\040\324\134\326\004\000\040\254\200\311\235}{section.8}% 42
\BOOKMARK [2][-]{subsection.8.5}{\376\377\307\170\254\374\000\040\310\160\307\221\000\040\254\260\254\374}{section.8}% 43
\BOOKMARK [2][-]{subsection.8.6}{\376\377\307\174\274\030\000\040\310\160\254\164\000\040\302\344\323\050\306\100\000\040\000t\000a\000r\000g\000e\000t\000e\000d\000\040\310\160\254\164\000\040\301\061\254\365}{section.8}% 44
\BOOKMARK [1][-]{section.9}{\376\377\261\174\307\130}{}% 45
\BOOKMARK [2][-]{subsection.9.1}{\376\377\254\260\254\374\000\040\274\241\321\060\000\040\311\021\302\354\000\040\254\020\310\025\255\000\305\320\301\034\000\040\260\264\275\200\000\040\326\025\301\061\000\040\311\021\302\354\000\040\254\020\310\025\255\000\307\074\270\134}{section.9}% 46
\BOOKMARK [2][-]{subsection.9.2}{\376\377\302\344\323\050\254\000\000\040\305\360\255\154\271\174\000\040\310\160\311\301\325\134\000\040\274\051\302\335}{section.9}% 47
\BOOKMARK [2][-]{subsection.9.3}{\376\377\000L\000L\000M\000\040\000j\000u\000d\000g\000e\000\040\323\270\325\245\305\320\000\040\263\000\325\134\000\040\325\164\301\035}{section.9}% 48
\BOOKMARK [2][-]{subsection.9.4}{\376\377\000E\000m\000o\000T\000r\000a\000c\000e\254\000\000\040\302\344\310\034\270\134\000\040\271\314\264\340\000\040\254\203}{section.9}% 49
\BOOKMARK [1][-]{section.10}{\376\377\325\134\254\304\306\100\000\040\310\374\307\245\000\040\254\000\262\245\000\040\274\224\307\004}{}% 50
\BOOKMARK [1][-]{section.11}{\376\377\325\245\326\304\000\040\305\360\255\154}{}% 51
\BOOKMARK [1][-]{section.12}{\376\377\254\260\270\140}{}% 52
\BOOKMARK [1][-]{appendix.A}{\376\377\325\165\302\354\000\040\306\251\305\264}{}% 53
\BOOKMARK [1][-]{appendix.B}{\376\377\272\250\264\310\254\374\000\040\311\235\254\160\307\130\000\040\305\360\254\260}{}% 54
\BOOKMARK [1][-]{appendix.C}{\376\377\314\070\254\340\000\040\307\220\270\314}{}% 55
