\BOOKMARK [1][-]{section.1}{\376\377\301\034\270\140}{}% 1
\BOOKMARK [2][-]{subsection.1.1}{\376\377\300\254\306\251\307\220\254\000\000\040\271\314\264\344\254\340\307\220\000\040\325\134\000\040\254\203}{section.1}% 2
\BOOKMARK [2][-]{subsection.1.2}{\376\377\274\370\000\040\261\174\273\070\307\130\000\040\256\060\305\354}{section.1}% 3
\BOOKMARK [1][-]{section.2}{\376\377\274\060\254\275\254\374\000\040\273\070\310\034\000\040\310\025\307\130}{}% 4
\BOOKMARK [2][-]{subsection.2.1}{\376\377\254\020\310\025\000\040\267\174\274\250\254\374\000\040\254\020\310\025\000\040\327\120\271\204\307\130\000\040\314\050\307\164}{section.2}% 5
\BOOKMARK [2][-]{subsection.2.2}{\376\377\325\165\302\354\000\040\306\251\305\264}{section.2}% 6
\BOOKMARK [2][-]{subsection.2.3}{\376\377\254\200\311\235\325\164\305\174\000\040\325\140\000\040\310\374\307\245}{section.2}% 7
\BOOKMARK [1][-]{section.3}{\376\377\302\334\302\244\321\134\000\040\255\154\301\061}{}% 8
\BOOKMARK [2][-]{subsection.3.1}{\376\377\310\004\314\264\000\040\323\014\307\164\325\004\267\174\307\170}{section.3}% 9
\BOOKMARK [2][-]{subsection.3.2}{\376\377\302\340\254\275\271\335\000\040\263\331\305\355\325\131}{section.3}% 10
\BOOKMARK [2][-]{subsection.3.3}{\376\377\326\304\274\030\275\200\000\040\310\001\307\121\326\025\000\040\326\134\301\061\000\040\310\160\310\010}{section.3}% 11
\BOOKMARK [1][-]{section.4}{\376\377\323\311\254\000\000\040\311\300\324\134}{}% 12
\BOOKMARK [2][-]{subsection.4.1}{\376\377\263\331\305\355\325\131\000\040\311\300\324\134}{section.4}% 13
\BOOKMARK [2][-]{subsection.4.2}{\376\377\324\134\326\004\000\040\311\300\324\134}{section.4}% 14
\BOOKMARK [2][-]{subsection.4.3}{\376\377\307\170\254\374\000\040\311\300\324\134}{section.4}% 15
\BOOKMARK [1][-]{section.5}{\376\377\302\344\325\330\000\040\254\374\310\025}{}% 16
\BOOKMARK [2][-]{subsection.5.1}{\376\377\0001\262\350\254\304\000:\000\040\256\060\274\370\000\040\000t\000r\000a\000c\000e\000\040\315\224\315\234}{section.5}% 17
\BOOKMARK [2][-]{subsection.5.2}{\376\377\0002\262\350\254\304\000:\000\040\000f\000e\000a\000t\000u\000r\000e\000\040\000p\000r\000o\000b\000e}{section.5}% 18
\BOOKMARK [2][-]{subsection.5.3}{\376\377\0003\262\350\254\304\000:\000\040\306\251\267\311\000\040\311\235\254\000\000\040\302\344\325\330}{section.5}% 19
\BOOKMARK [2][-]{subsection.5.4}{\376\377\0004\262\350\254\304\000:\000\040\263\331\305\355\325\131\000\040\305\110\310\025\326\124}{section.5}% 20
\BOOKMARK [2][-]{subsection.5.5}{\376\377\0005\262\350\254\304\000:\000\040\326\304\274\030\275\200\000\040\310\001\307\121\326\025\000\040\326\134\301\061\000\040\310\160\310\010}{section.5}% 21
\BOOKMARK [2][-]{subsection.5.6}{\376\377\0006\262\350\254\304\000:\000\040\307\170\254\374\000\040\323\311\254\000\000\040\301\044\254\304}{section.5}% 22
\BOOKMARK [2][-]{subsection.5.7}{\376\377\0007\262\350\254\304\000:\000\040\262\350\302\034\000\040\310\025\274\364\000\040\310\034\254\160\307\130\000\040\302\344\323\050\306\100\000\040\254\025\325\134\000\040\310\025\274\364\000\040\311\021\271\275\326\124}{section.5}% 23
\BOOKMARK [2][-]{subsection.5.8}{\376\377\0008\262\350\254\304\000:\000\040\321\265\325\151\000\040\326\125\307\170\000\040\302\344\325\330}{section.5}% 24
\BOOKMARK [1][-]{section.6}{\376\377\254\260\254\374}{}% 25
\BOOKMARK [2][-]{subsection.6.1}{\376\377\263\331\305\355\325\131\000\040\254\260\254\374}{section.6}% 26
\BOOKMARK [2][-]{subsection.6.2}{\376\377\254\020\310\025\315\225\000\040\324\134\326\004\000\040\254\260\254\374}{section.6}% 27
\BOOKMARK [2][-]{subsection.6.3}{\376\377\301\061\262\245\000\040\276\104\255\120}{section.6}% 28
\BOOKMARK [2][-]{subsection.6.4}{\376\377\321\265\325\151\000\040\307\170\254\374\000\040\326\125\307\170\000\040\254\260\254\374}{section.6}% 29
\BOOKMARK [1][-]{section.7}{\376\377\261\174\307\130}{}% 30
\BOOKMARK [2][-]{subsection.7.1}{\376\377\273\064\305\307\307\164\000\040\271\314\264\344\305\264\310\114\262\224\254\000}{section.7}% 31
\BOOKMARK [2][-]{subsection.7.2}{\376\377\307\230\264\034\000\040\310\020}{section.7}% 32
\BOOKMARK [2][-]{subsection.7.3}{\376\377\302\344\323\050\254\000\000\040\271\314\264\340\000\040\254\034\301\040}{section.7}% 33
\BOOKMARK [2][-]{subsection.7.4}{\376\377\310\374\307\245\000\040\254\000\262\245\325\134\000\040\254\203\254\374\000\040\305\104\311\301\000\040\310\160\302\354\325\164\305\174\000\040\325\140\000\040\254\203}{section.7}% 34
\BOOKMARK [1][-]{section.8}{\376\377\325\134\254\304}{}% 35
\BOOKMARK [2][-]{subsection.8.1}{\376\377\263\160\307\164\321\060\000\040\255\334\272\250}{section.8}% 36
\BOOKMARK [2][-]{subsection.8.2}{\376\377\323\020\310\025\256\060\000\040\263\305\271\275\301\061}{section.8}% 37
\BOOKMARK [2][-]{subsection.8.3}{\376\377\254\020\310\025\315\225\000\040\310\025\307\130}{section.8}% 38
\BOOKMARK [2][-]{subsection.8.4}{\376\377\307\121\262\365\000\040\302\030\311\000\000\040\323\311\254\000\307\130\000\040\325\134\254\304}{section.8}% 39
\BOOKMARK [1][-]{section.9}{\376\377\325\245\326\304\000\040\305\360\255\154}{}% 40
\BOOKMARK [1][-]{section.10}{\376\377\254\260\270\140}{}% 41
