\BOOKMARK [1][-]{section.1}{\376\377\301\034\270\140}{}% 1
\BOOKMARK [2][-]{subsection.1.1}{\376\377\314\230\307\114\000\040\307\175\262\224\000\040\263\305\307\220\271\174\000\040\307\004\325\134\000\040\273\070\310\034\000\040\274\060\254\275}{section.1}% 2
\BOOKMARK [2][-]{subsection.1.2}{\376\377\306\134\000\040\000`\000`\000t\000r\000a\000c\000e\000'\000'\254\000\000\040\311\021\306\224\325\134\254\000}{section.1}% 3
\BOOKMARK [2][-]{subsection.1.3}{\376\377\261\174\273\070\307\130\000\040\307\175\262\224\000\040\302\034\301\034}{section.1}% 4
\BOOKMARK [1][-]{section.2}{\376\377\255\000\270\050\000\040\305\360\255\154}{}% 5
\BOOKMARK [2][-]{subsection.2.1}{\376\377\254\020\310\025\307\130\000\040\314\050\306\320\310\001\000\040\324\134\326\004}{section.2}% 6
\BOOKMARK [2][-]{subsection.2.2}{\376\377\000A\000p\000p\000r\000a\000i\000s\000a\000l\306\100\000\040\000a\000c\000t\000i\000o\000n\000\040\000t\000e\000n\000d\000e\000n\000c\000y}{section.2}% 7
\BOOKMARK [2][-]{subsection.2.3}{\376\377\000A\000f\000f\000e\000c\000t\000i\000v\000e\000\040\000c\000o\000m\000p\000u\000t\000i\000n\000g\254\374\000\040\300\335\301\061\326\025\000\040\307\121\262\365\000\040\310\034\305\264}{section.2}% 8
\BOOKMARK [2][-]{subsection.2.4}{\376\377\302\340\254\275\000\040\263\331\305\355\325\131\307\074\270\134\301\034\307\130\000\040\254\020\310\025}{section.2}% 9
\BOOKMARK [1][-]{section.3}{\376\377\273\070\310\034\000\040\310\025\307\130}{}% 10
\BOOKMARK [2][-]{subsection.3.1}{\376\377\325\165\302\354\000\040\306\251\305\264}{section.3}% 11
\BOOKMARK [2][-]{subsection.3.2}{\376\377\000E\000m\000o\000N\000e\000t\307\164\000\040\307\174\274\030\000\040\000L\000L\000M\000\040\325\004\270\154\325\004\322\270\306\100\000\040\262\344\271\170\000\040\310\020}{section.3}% 12
\BOOKMARK [2][-]{subsection.3.3}{\376\377\256\060\274\370\000\040\254\035\314\264}{section.3}% 13
\BOOKMARK [2][-]{subsection.3.4}{\376\377\000T\000r\000a\000c\000e\000-\000a\000s\000-\000e\000m\000o\000t\000i\000o\000n\000\040\254\000\301\044}{section.3}% 14
\BOOKMARK [2][-]{subsection.3.5}{\376\377\254\200\311\235\000\040\000l\000a\000b\000e\000l\307\130\000\040\305\355\325\140}{section.3}% 15
\BOOKMARK [2][-]{subsection.3.6}{\376\377\000P\000r\000o\000b\000e\000\040\000a\000x\000i\000s\307\130\000\040\307\130\273\370}{section.3}% 16
\BOOKMARK [1][-]{section.4}{\376\377\274\051\274\225}{}% 17
\BOOKMARK [2][-]{subsection.4.1}{\376\377\310\004\314\264\000\040\323\014\307\164\325\004\267\174\307\170}{section.4}% 18
\BOOKMARK [2][-]{subsection.4.2}{\376\377\000T\000r\000a\000c\000e\000\040\000e\000x\000p\000o\000r\000t}{section.4}% 19
\BOOKMARK [2][-]{subsection.4.3}{\376\377\000F\000a\000l\000l\000b\000a\000c\000k\000\040\000s\000t\000i\000m\000u\000l\000u\000s\000\040\000v\000e\000c\000t\000o\000r\307\130\000\040\307\130\273\370\306\100\000\040\325\134\254\304}{section.4}% 20
\BOOKMARK [2][-]{subsection.4.4}{\376\377\000F\000e\000a\000t\000u\000r\000e\000\040\000f\000a\000m\000i\000l\000i\000e\000s}{section.4}% 21
\BOOKMARK [2][-]{subsection.4.5}{\376\377\000R\000e\000p\000r\000e\000s\000e\000n\000t\000a\000t\000i\000o\000n\000\040\000m\000e\000t\000r\000i\000c\000s}{section.4}% 22
\BOOKMARK [2][-]{subsection.4.6}{\376\377\000D\000y\000n\000a\000m\000i\000c\000s\000\040\000h\000e\000a\000l\000t\000h\000\040\000m\000e\000t\000r\000i\000c\000s}{section.4}% 23
\BOOKMARK [2][-]{subsection.4.7}{\376\377\000C\000a\000u\000s\000a\000l\000\040\000p\000r\000o\000o\000f\000\040\000p\000i\000p\000e\000l\000i\000n\000e}{section.4}% 24
\BOOKMARK [1][-]{section.5}{\376\377\302\344\325\330}{}% 25
\BOOKMARK [2][-]{subsection.5.1}{\376\377\302\344\325\330\000\040\301\044\254\304\307\130\000\040\310\004\314\264\000\040\261\174\271\254}{section.5}% 26
\BOOKMARK [2][-]{subsection.5.2}{\376\377\302\344\325\330\000\040\0001\000:\000\040\000f\000e\000a\000t\000u\000r\000e\000\040\000p\000r\000o\000b\000e}{section.5}% 27
\BOOKMARK [2][-]{subsection.5.3}{\376\377\302\344\325\330\000\040\0002\000:\000\040\000c\000a\000p\000a\000c\000i\000t\000y\000\040\000a\000b\000l\000a\000t\000i\000o\000n}{section.5}% 28
\BOOKMARK [2][-]{subsection.5.4}{\376\377\302\344\325\330\000\040\0003\000:\000\040\000d\000y\000n\000a\000m\000i\000c\000s\000\040\000s\000t\000a\000b\000i\000l\000i\000z\000a\000t\000i\000o\000n}{section.5}% 29
\BOOKMARK [2][-]{subsection.5.5}{\376\377\302\344\325\330\000\040\0004\000:\000\040\000a\000d\000a\000p\000t\000i\000v\000e\000\040\000l\000a\000t\000e\000\040\000d\000e\000n\000s\000i\000t\000y\000\040\000c\000o\000n\000t\000r\000o\000l}{section.5}% 30
\BOOKMARK [2][-]{subsection.5.6}{\376\377\302\344\325\330\000\040\0005\000:\000\040\000c\000a\000u\000s\000a\000l\000\040\000d\000r\000y\000\040\000r\000u\000n\254\374\000\040\000C\000l\000a\000u\000d\000e\000\040\000p\000a\000i\000r\000w\000i\000s\000e\000\040\000j\000u\000d\000g\000e}{section.5}% 31
\BOOKMARK [1][-]{section.6}{\376\377\261\174\307\130}{}% 32
\BOOKMARK [2][-]{subsection.6.1}{\376\377\326\004\307\254\000\040\274\051\305\264\000\040\254\000\262\245\325\134\000\040\310\374\307\245}{section.6}% 33
\BOOKMARK [2][-]{subsection.6.2}{\376\377\305\104\311\301\000\040\274\051\305\264\325\130\272\164\000\040\305\110\000\040\264\030\262\224\000\040\310\374\307\245}{section.6}% 34
\BOOKMARK [2][-]{subsection.6.3}{\376\377\325\164\301\035}{section.6}% 35
\BOOKMARK [2][-]{subsection.6.4}{\376\377\000T\000r\000a\000c\000e\000-\000a\000s\000-\000e\000m\000o\000t\000i\000o\000n\000\040\254\000\301\044\307\130\000\040\326\004\307\254\000\040\307\004\316\130}{section.6}% 36
\BOOKMARK [2][-]{subsection.6.5}{\376\377\306\134\000\040\000l\000a\000b\000e\000l\000\040\000i\000m\000b\000a\000l\000a\000n\000c\000e\254\000\000\040\320\160\000\040\273\070\310\034\307\170\254\000}{section.6}% 37
\BOOKMARK [2][-]{subsection.6.6}{\376\377\302\344\310\034\000\040\307\121\306\251\254\374\000\040\305\360\255\154\000\040\311\235\272\205\307\130\000\040\314\050\307\164}{section.6}% 38
\BOOKMARK [1][-]{section.7}{\376\377\325\134\254\304}{}% 39
\BOOKMARK [2][-]{subsection.7.1}{\376\377\307\004\326\021\000\040\306\224\307\170}{section.7}% 40
\BOOKMARK [1][-]{section.8}{\376\377\325\245\326\304\000\040\305\360\255\154}{}% 41
\BOOKMARK [1][-]{section.9}{\376\377\254\260\270\140}{}% 42
\BOOKMARK [1][-]{appendix.A}{\376\377\275\200\270\135\000\040\000A\000:\000\040\315\010\302\354\307\220\306\251\000\040\306\251\305\264\311\321}{}% 43
\BOOKMARK [1][-]{appendix.B}{\376\377\275\200\270\135\000\040\000B\000:\000\040\326\004\307\254\000\040\307\254\326\004\000\040\254\000\262\245\325\134\000\040\310\374\306\224\000\040\272\205\270\071}{}% 44
\BOOKMARK [1][-]{appendix.C}{\376\377\275\200\270\135\000\040\000C\000:\000\040\315\134\310\205\000\040\261\174\273\070\326\124\000\040\310\004\000\040\314\264\320\154\271\254\302\244\322\270}{}% 45
