\BOOKMARK [1][-]{section.1}{\376\377\301\034\270\140}{}% 1
\BOOKMARK [1][-]{section.2}{\376\377\305\360\255\154\000\040\311\310\273\070}{}% 2
\BOOKMARK [1][-]{section.3}{\376\377\274\204\310\004\274\304\000\040\302\334\302\244\321\134\000\040\274\034\310\004}{}% 3
\BOOKMARK [2][-]{subsection.3.1}{\376\377\000v\0001\000:\000\040\254\020\310\025\000\040\000z\000\040\323\014\307\164\325\004\267\174\307\170}{section.3}% 4
\BOOKMARK [2][-]{subsection.3.2}{\376\377\000v\0002\000:\000\040\272\250\264\310\326\025\000\040\000P\000y\000T\000o\000r\000c\000h\000\040\000M\000V\000P}{section.3}% 5
\BOOKMARK [2][-]{subsection.3.3}{\376\377\000v\0003\000:\000\040\311\300\274\060\000\040\327\120\271\204\000,\000\040\274\364\310\025\000,\000\040\000z\000/\000s\000\040\305\360\254\260}{section.3}% 6
\BOOKMARK [2][-]{subsection.3.4}{\376\377\000v\0003\000.\0001\000:\000\040\302\340\254\275\000\040\326\134\301\061\000\040\315\224\310\001\000\040\307\220\314\264\271\174\000\040\254\020\310\025\307\074\270\134\000\040\310\025\307\130}{section.3}% 7
\BOOKMARK [2][-]{subsection.3.5}{\376\377\000v\0004\000:\000\040\254\020\310\025\000\040\305\320\325\074\301\214\264\334\000\040\325\164\301\035\254\374\000\040\000t\000a\000r\000g\000e\000t\000e\000d\000\040\306\260\306\324\301\061}{section.3}% 8
\BOOKMARK [1][-]{section.4}{\376\377\310\004\314\264\000\040\274\051\274\225}{}% 9
\BOOKMARK [2][-]{subsection.4.1}{\376\377\307\205\270\045\254\374\000\040\307\220\255\371}{section.4}% 10
\BOOKMARK [2][-]{subsection.4.2}{\376\377\302\340\254\275\000\040\263\331\305\355\325\131}{section.4}% 11
\BOOKMARK [2][-]{subsection.4.3}{\376\377\311\300\274\060\000\040\327\120\271\204}{section.4}% 12
\BOOKMARK [2][-]{subsection.4.4}{\376\377\307\240\307\254\000\040\324\134\326\004\254\374\000\040\302\244\320\300\307\174\000\040\324\134\326\004}{section.4}% 13
\BOOKMARK [2][-]{subsection.4.5}{\376\377\305\320\325\074\301\214\264\334\000\040\325\164\301\035}{section.4}% 14
\BOOKMARK [1][-]{section.5}{\376\377\311\300\324\134}{}% 15
\BOOKMARK [2][-]{subsection.5.1}{\376\377\263\331\305\355\325\131\000\040\311\300\324\134}{section.5}% 16
\BOOKMARK [2][-]{subsection.5.2}{\376\377\324\134\326\004\000\040\311\300\324\134}{section.5}% 17
\BOOKMARK [2][-]{subsection.5.3}{\376\377\300\335\301\061\000\040\311\300\324\134}{section.5}% 18
\BOOKMARK [2][-]{subsection.5.4}{\376\377\307\170\254\374\000\040\311\300\324\134}{section.5}% 19
\BOOKMARK [1][-]{section.6}{\376\377\302\344\325\330\000\040\254\374\310\025}{}% 20
\BOOKMARK [2][-]{subsection.6.1}{\376\377\0001\262\350\254\304\000:\000\040\315\010\256\060\000\040\254\020\310\025\000\040\274\241\321\060\306\100\000\040\000z}{section.6}% 21
\BOOKMARK [2][-]{subsection.6.2}{\376\377\0002\262\350\254\304\000:\000\040\272\250\264\310\326\124\306\100\000\040\000b\000r\000a\000n\000c\000h\000\040\254\034\261\120\000\040\263\304\307\205}{section.6}% 22
\BOOKMARK [2][-]{subsection.6.3}{\376\377\0003\262\350\254\304\000:\000\040\000b\000r\000a\000n\000c\000h\000\040\000c\000o\000l\000l\000a\000p\000s\000e\000\040\274\034\254\254}{section.6}% 23
\BOOKMARK [2][-]{subsection.6.4}{\376\377\0004\262\350\254\304\000:\000\040\000l\000a\000t\000e\000\040\000i\000g\000n\000i\000t\000i\000o\000n\254\374\000\040\000h\000a\000r\000d\000\040\000c\000a\000p\000\040\326\125\307\170}{section.6}% 24
\BOOKMARK [2][-]{subsection.6.5}{\376\377\0005\262\350\254\304\000:\000\040\000r\000e\000f\000e\000r\000e\000n\000c\000e\000\040\000c\000o\000n\000f\000i\000g\000\040\274\364\310\025}{section.6}% 25
\BOOKMARK [2][-]{subsection.6.6}{\376\377\0006\262\350\254\304\000:\000\040\302\244\320\300\307\174\000\040\272\251\324\134\000\040\323\270\325\245\000\040\274\034\254\254}{section.6}% 26
\BOOKMARK [2][-]{subsection.6.7}{\376\377\0007\262\350\254\304\000:\000\040\000v\0003\000.\0001\307\130\000\040\000t\000r\000a\000c\000e\000-\000a\000s\000-\000e\000m\000o\000t\000i\000o\000n\000\040\310\004\326\130}{section.6}% 27
\BOOKMARK [2][-]{subsection.6.8}{\376\377\0008\262\350\254\304\000:\000\040\000v\0003\000.\0001\000\040\307\170\254\374\000\040\310\160\307\221\000\040\302\344\325\330}{section.6}% 28
\BOOKMARK [2][-]{subsection.6.9}{\376\377\0009\262\350\254\304\000:\000\040\000v\0004\000\040\000e\000p\000i\000s\000o\000d\000e\000\040\000i\000n\000t\000e\000r\000p\000r\000e\000t\000a\000t\000i\000o\000n}{section.6}% 29
\BOOKMARK [2][-]{subsection.6.10}{\376\377\0001\0000\262\350\254\304\000:\000\040\000v\0004\000\040\000t\000a\000r\000g\000e\000t\000e\000d\000\040\000s\000u\000p\000e\000r\000i\000o\000r\000i\000t\000y}{section.6}% 30
\BOOKMARK [1][-]{section.7}{\376\377\254\260\254\374\000\040\306\224\305\175}{}% 31
\BOOKMARK [2][-]{subsection.7.1}{\376\377\263\331\305\355\325\131\000\040\254\260\254\374}{section.7}% 32
\BOOKMARK [2][-]{subsection.7.2}{\376\377\324\134\326\004\000\040\254\260\254\374}{section.7}% 33
\BOOKMARK [2][-]{subsection.7.3}{\376\377\307\170\254\374\000\040\254\260\254\374}{section.7}% 34
\BOOKMARK [2][-]{subsection.7.4}{\376\377\300\335\301\061\000\040\254\260\254\374}{section.7}% 35
\BOOKMARK [1][-]{section.8}{\376\377\261\174\307\130}{}% 36
\BOOKMARK [2][-]{subsection.8.1}{\376\377\273\064\305\307\307\104\000\040\271\314\264\344\305\310\262\224\254\000}{section.8}% 37
\BOOKMARK [2][-]{subsection.8.2}{\376\377\306\134\000\040\302\344\323\050\325\134\000\040\302\344\325\330\307\164\000\040\311\021\306\224\325\210\262\224\254\000}{section.8}% 38
\BOOKMARK [2][-]{subsection.8.3}{\376\377\000v\0003\000.\0001\307\130\000\040\307\130\273\370}{section.8}% 39
\BOOKMARK [2][-]{subsection.8.4}{\376\377\000v\0004\307\130\000\040\307\130\273\370}{section.8}% 40
\BOOKMARK [1][-]{section.9}{\376\377\325\134\254\304}{}% 41
\BOOKMARK [1][-]{section.10}{\376\377\325\245\326\304\000\040\305\360\255\154}{}% 42
\BOOKMARK [1][-]{section.11}{\376\377\274\204\310\004\274\304\000\040\325\211\263\331\254\374\000\040\255\374\254\160}{}% 43
\BOOKMARK [1][-]{section.12}{\376\377\272\250\264\310\274\304\000\040\305\355\325\140}{}% 44
\BOOKMARK [1][-]{section.13}{\376\377\263\000\324\134\000\040\300\254\270\100\000\040\325\164\301\035}{}% 45
\BOOKMARK [1][-]{section.14}{\376\377\310\374\307\245\000\040\254\000\262\245\000\040\274\224\307\004}{}% 46
\BOOKMARK [2][-]{subsection.14.1}{\376\377\326\004\307\254\000\040\310\374\307\245\000\040\254\000\262\245\325\134\000\040\254\203}{section.14}% 47
\BOOKMARK [2][-]{subsection.14.2}{\376\377\305\104\311\301\000\040\310\374\307\245\325\130\272\164\000\040\305\110\000\040\264\030\262\224\000\040\254\203}{section.14}% 48
\BOOKMARK [1][-]{section.15}{\376\377\261\174\273\070\326\124\000\040\310\004\267\265}{}% 49
\BOOKMARK [1][-]{section.16}{\376\377\254\260\270\140}{}% 50
